// Jest Snapshot v1, https://goo.gl/fbAQLP

exports[`Storyshots Map map with shop markers centered on the canton Fribourg 1`] = `
<div>
  <div>
    <!---->
    <!---->
    <!---->
  </div>
</div>
`;

exports[`Storyshots ShopCard Map marker popup 1`] = `
<div>
  <div>
    <h1
      class="font-extrabold"
    >
      
    Budzonnerie d'Onnens
  
    </h1>
    
  Obtenir une description fake de nos fixtures
  
  </div>
</div>
`;
