// Jest Snapshot v1, https://goo.gl/fbAQLP

exports[`Map renders spinner when loading shops 1`] = `
<div>
  <div
    aria-busy="true"
    aria-label="Loading"
    class="vld-overlay is-active z-999"
    name="fade"
    tabindex="0"
  >
    <div
      class="vld-background"
    />
    <div
      class="vld-icon"
    >
      <svg
        height="64"
        stroke="#e78000ff"
        viewBox="0 0 38 38"
        width="64"
        xmlns="http://www.w3.org/2000/svg"
      >
        <g
          fill="none"
          fill-rule="evenodd"
        >
          <g
            stroke-width="2"
            transform="translate(1 1)"
          >
            <circle
              cx="18"
              cy="18"
              r="18"
              stroke-opacity=".25"
            />
            <path
              d="M36 18c0-9.94-8.06-18-18-18"
            >
              <animatetransform
                attributeName="transform"
                dur="0.8s"
                from="0 18 18"
                repeatCount="indefinite"
                to="360 18 18"
                type="rotate"
              />
            </path>
          </g>
        </g>
      </svg>
    </div>
  </div>
   
  <div
    class="vue2leaflet-map w-full fill-partial-height leaflet-container"
    data-gesture-handling-scroll-content="CTRL + scroll pour zoomer"
    data-gesture-handling-touch-content="Utiliser 2 doigts pour bouger la carte"
    style="position: relative;"
    tabindex="0"
  >
    <!---->
    <div
      class="leaflet-pane leaflet-map-pane"
      style="left: 0px; top: 0px;"
    >
      <div
        class="leaflet-pane leaflet-tile-pane"
      >
        <div
          class="leaflet-layer "
          style="z-index: 1;"
        >
          <div
            class="leaflet-tile-container leaflet-zoom-animated"
            style="z-index: 18; left: 0px; top: 0px;"
          >
            <img
              alt=""
              class="leaflet-tile"
              role="presentation"
              src="https://tile.osm.ch/switzerland/11/1064/722.png"
              style="width: 256px; height: 256px; left: -97px; top: -173px;"
            />
          </div>
        </div>
      </div>
      <div
        class="leaflet-pane leaflet-shadow-pane"
      />
      <div
        class="leaflet-pane leaflet-overlay-pane"
      />
      <div
        class="leaflet-pane leaflet-marker-pane"
      />
      <div
        class="leaflet-pane leaflet-tooltip-pane"
      />
      <div
        class="leaflet-pane leaflet-popup-pane"
      />
    </div>
    <div
      class="leaflet-control-container"
    >
      <div
        class="leaflet-top leaflet-left"
      />
      <div
        class="leaflet-top leaflet-right"
      />
      <div
        class="leaflet-bottom leaflet-left"
      />
      <div
        class="leaflet-bottom leaflet-right"
      >
        <div
          class="leaflet-control-attribution leaflet-control"
        >
          <a
            href="https://leafletjs.com"
            title="A JS library for interactive maps"
          >
            Leaflet
          </a>
        </div>
      </div>
    </div>
     
    <div />
     
  </div>
</div>
`;
